May-08 07:04:22.274 [main] DEBUG nextflow.cli.Launcher - $> nextflow run main.nf
May-08 07:04:22.432 [main] DEBUG nextflow.cli.CmdRun - N E X T F L O W  ~  version 24.10.6
May-08 07:04:22.467 [main] DEBUG nextflow.plugin.PluginsFacade - Setting up plugin manager > mode=prod; embedded=false; plugins-dir=/home/user_gauri/.nextflow/plugins; core-plugins: nf-amazon@2.9.3,nf-azure@1.10.2,nf-cloudcache@0.4.2,nf-codecommit@0.2.2,nf-console@1.1.4,nf-google@1.15.4,nf-tower@1.9.3,nf-wave@1.7.5
May-08 07:04:22.498 [main] INFO  o.pf4j.DefaultPluginStatusProvider - Enabled plugins: []
May-08 07:04:22.501 [main] INFO  o.pf4j.DefaultPluginStatusProvider - Disabled plugins: []
May-08 07:04:22.506 [main] INFO  org.pf4j.DefaultPluginManager - PF4J version 3.12.0 in 'deployment' mode
May-08 07:04:22.540 [main] INFO  org.pf4j.AbstractPluginManager - No plugins
May-08 07:04:22.574 [main] DEBUG nextflow.config.ConfigBuilder - Found config local: /mnt/c/Users/91968/Downloads/NextflowPipeline/nextflow.config
May-08 07:04:22.578 [main] DEBUG nextflow.config.ConfigBuilder - Parsing config file: /mnt/c/Users/91968/Downloads/NextflowPipeline/nextflow.config
May-08 07:04:22.634 [main] DEBUG n.secret.LocalSecretsProvider - Secrets store: /home/user_gauri/.nextflow/secrets/store.json
May-08 07:04:22.640 [main] DEBUG nextflow.secret.SecretsLoader - Discovered secrets providers: [nextflow.secret.LocalSecretsProvider@42e22a53] - activable => nextflow.secret.LocalSecretsProvider@42e22a53
May-08 07:04:22.650 [main] DEBUG nextflow.config.ConfigBuilder - Applying config profile: `standard`
May-08 07:04:23.340 [main] DEBUG nextflow.cli.CmdRun - Applied DSL=2 by global default
May-08 07:04:23.363 [main] DEBUG nextflow.cli.CmdRun - Launching `main.nf` [romantic_cantor] DSL2 - revision: e4013f089d
May-08 07:04:23.366 [main] DEBUG nextflow.plugin.PluginsFacade - Plugins default=[]
May-08 07:04:23.367 [main] DEBUG nextflow.plugin.PluginsFacade - Plugins resolved requirement=[]
May-08 07:04:23.459 [main] DEBUG nextflow.Session - Session UUID: b0f25d00-80d3-47e9-9918-e58a04bc7404
May-08 07:04:23.461 [main] DEBUG nextflow.Session - Run name: romantic_cantor
May-08 07:04:23.463 [main] DEBUG nextflow.Session - Executor pool size: 4
May-08 07:04:23.477 [main] DEBUG nextflow.file.FilePorter - File porter settings maxRetries=3; maxTransfers=50; pollTimeout=null
May-08 07:04:23.486 [main] DEBUG nextflow.util.ThreadPoolBuilder - Creating thread pool 'FileTransfer' minSize=10; maxSize=12; workQueue=LinkedBlockingQueue[-1]; allowCoreThreadTimeout=false
May-08 07:04:23.521 [main] DEBUG nextflow.cli.CmdRun - 
  Version: 24.10.6 build 5937
  Created: 23-04-2025 16:53 UTC 
  System: Linux 6.6.87.2-microsoft-standard-WSL2
  Runtime: Groovy 4.0.23 on OpenJDK 64-Bit Server VM 11.0.26-internal+0-adhoc..src
  Encoding: UTF-8 (UTF-8)
  Process: 804@LAPTOP-MH1JDJVU [127.0.1.1]
  CPUs: 4 - Mem: 3.7 GB (3 GB) - Swap: 1 GB (1 GB)
May-08 07:04:23.629 [main] DEBUG nextflow.Session - Work-dir: /mnt/c/Users/91968/Downloads/NextflowPipeline/work [v9fs]
May-08 07:04:23.631 [main] DEBUG nextflow.Session - Script base path does not exist or is not a directory: /mnt/c/Users/91968/Downloads/NextflowPipeline/bin
May-08 07:04:23.646 [main] DEBUG nextflow.executor.ExecutorFactory - Extension executors providers=[]
May-08 07:04:23.665 [main] DEBUG nextflow.Session - Observer factory: DefaultObserverFactory
May-08 07:04:23.769 [main] DEBUG nextflow.cache.CacheFactory - Using Nextflow cache factory: nextflow.cache.DefaultCacheFactory
May-08 07:04:23.794 [main] DEBUG nextflow.util.CustomThreadPool - Creating default thread pool > poolSize: 5; maxThreads: 1000
May-08 07:04:23.967 [main] DEBUG nextflow.Session - Session start
May-08 07:04:24.255 [main] DEBUG nextflow.script.ScriptRunner - > Launching execution
May-08 07:04:25.070 [main] DEBUG nextflow.executor.ExecutorFactory - << taskConfig executor: null
May-08 07:04:25.071 [main] DEBUG nextflow.executor.ExecutorFactory - >> processorType: 'local'
May-08 07:04:25.082 [main] DEBUG nextflow.executor.Executor - [warm up] executor > local
May-08 07:04:25.093 [main] DEBUG n.processor.LocalPollingMonitor - Creating local task monitor for executor 'local' > cpus=4; memory=3.7 GB; capacity=4; pollInterval=100ms; dumpInterval=5m
May-08 07:04:25.096 [main] DEBUG n.processor.TaskPollingMonitor - >>> barrier register (monitor: local)
May-08 07:04:25.223 [main] DEBUG nextflow.executor.ExecutorFactory - << taskConfig executor: null
May-08 07:04:25.223 [main] DEBUG nextflow.executor.ExecutorFactory - >> processorType: 'local'
May-08 07:04:25.235 [main] DEBUG nextflow.executor.ExecutorFactory - << taskConfig executor: null
May-08 07:04:25.235 [main] DEBUG nextflow.executor.ExecutorFactory - >> processorType: 'local'
May-08 07:04:25.245 [main] DEBUG nextflow.executor.ExecutorFactory - << taskConfig executor: null
May-08 07:04:25.246 [main] DEBUG nextflow.executor.ExecutorFactory - >> processorType: 'local'
May-08 07:04:25.253 [main] DEBUG nextflow.executor.ExecutorFactory - << taskConfig executor: null
May-08 07:04:25.254 [main] DEBUG nextflow.executor.ExecutorFactory - >> processorType: 'local'
May-08 07:04:25.296 [main] DEBUG nextflow.executor.ExecutorFactory - << taskConfig executor: null
May-08 07:04:25.296 [main] DEBUG nextflow.executor.ExecutorFactory - >> processorType: 'local'
May-08 07:04:25.309 [main] DEBUG nextflow.executor.ExecutorFactory - << taskConfig executor: null
May-08 07:04:25.310 [main] DEBUG nextflow.executor.ExecutorFactory - >> processorType: 'local'
May-08 07:04:25.316 [main] DEBUG nextflow.Session - Workflow process names [dsl2]: FASTQC_RAW, MY_PIPELINE:VARIANT_CALLING, MY_PIPELINE:SAM_TO_BAM, MY_PIPELINE:TRIM_READS, MY_PIPELINE:ALIGN_READS, MY_PIPELINE:SORT_INDEX_BAM, VARIANT_CALLING, SORT_INDEX_BAM, MY_PIPELINE:FASTQC_RAW, TRIM_READS, MY_PIPELINE:FASTQC_TRIMMED, SAM_TO_BAM, FASTQC_TRIMMED, ALIGN_READS
May-08 07:04:25.316 [main] DEBUG nextflow.Session - Igniting dataflow network (9)
May-08 07:04:25.328 [main] DEBUG nextflow.processor.TaskProcessor - Starting process > MY_PIPELINE:FASTQC_RAW
May-08 07:04:25.331 [main] DEBUG nextflow.processor.TaskProcessor - Starting process > MY_PIPELINE:TRIM_READS
May-08 07:04:25.335 [PathVisitor-2] DEBUG nextflow.file.PathVisitor - files for syntax: glob; folder: /mnt/c/Users/91968/Downloads/NextflowPipeline/reference/; pattern: *.fa; options: [checkIfExists:true]
May-08 07:04:25.338 [PathVisitor-1] DEBUG nextflow.file.PathVisitor - files for syntax: glob; folder: /mnt/c/Users/91968/Downloads/NextflowPipeline/data/; pattern: *.fastq; options: [checkIfExists:true]
May-08 07:04:25.341 [main] DEBUG nextflow.processor.TaskProcessor - Starting process > MY_PIPELINE:FASTQC_TRIMMED
May-08 07:04:25.345 [main] DEBUG nextflow.processor.TaskProcessor - Starting process > MY_PIPELINE:ALIGN_READS
May-08 07:04:25.348 [main] DEBUG nextflow.processor.TaskProcessor - Starting process > MY_PIPELINE:SAM_TO_BAM
May-08 07:04:25.350 [main] DEBUG nextflow.processor.TaskProcessor - Starting process > MY_PIPELINE:SORT_INDEX_BAM
May-08 07:04:25.354 [main] DEBUG nextflow.processor.TaskProcessor - Starting process > MY_PIPELINE:VARIANT_CALLING
May-08 07:04:25.360 [main] DEBUG nextflow.script.ScriptRunner - Parsed script files:
  Script_fbc94f5967b94b17: /mnt/c/Users/91968/Downloads/NextflowPipeline/./workflows/../modules/sort_index_bam.nf
  Script_1aea41ea6d8ea555: /mnt/c/Users/91968/Downloads/NextflowPipeline/./workflows/../modules/alignment.nf
  Script_864eb5b3ff45637d: /mnt/c/Users/91968/Downloads/NextflowPipeline/./workflows/workflow.nf
  Script_9b78811c2b674043: /mnt/c/Users/91968/Downloads/NextflowPipeline/./workflows/../modules/raw_fastqc.nf
  Script_8622b60f51cbe73a: /mnt/c/Users/91968/Downloads/NextflowPipeline/./workflows/../modules/trimming.nf
  Script_702b4ea2d908250a: /mnt/c/Users/91968/Downloads/NextflowPipeline/./workflows/../modules/trimmed_fastqc.nf
  Script_c737a9c3ac852a75: /mnt/c/Users/91968/Downloads/NextflowPipeline/./workflows/../modules/sam_to_bam.nf
  Script_75d2d4a103c00498: /mnt/c/Users/91968/Downloads/NextflowPipeline/./workflows/../modules/variant_calling.nf
  Script_0f61fe7e8d9cc0d4: /mnt/c/Users/91968/Downloads/NextflowPipeline/main.nf
May-08 07:04:25.362 [main] DEBUG nextflow.script.ScriptRunner - > Awaiting termination 
May-08 07:04:25.365 [main] DEBUG nextflow.Session - Session await
May-08 07:04:25.729 [Task submitter] DEBUG n.executor.local.LocalTaskHandler - Launch cmd line: /bin/bash -ue .command.run
May-08 07:04:25.742 [Task submitter] INFO  nextflow.Session - [c8/80022c] Submitted process > MY_PIPELINE:TRIM_READS (trimming)
May-08 07:04:30.033 [Task monitor] DEBUG n.processor.TaskPollingMonitor - Task completed > TaskHandler[id: 2; name: MY_PIPELINE:TRIM_READS (trimming); status: COMPLETED; exit: 0; error: -; workDir: /mnt/c/Users/91968/Downloads/NextflowPipeline/work/c8/80022cda24eb8ad5463382f1bef776]
May-08 07:04:30.045 [Task monitor] DEBUG nextflow.util.ThreadPoolBuilder - Creating thread pool 'TaskFinalizer' minSize=10; maxSize=12; workQueue=LinkedBlockingQueue[-1]; allowCoreThreadTimeout=false
May-08 07:04:30.145 [Task submitter] DEBUG n.executor.local.LocalTaskHandler - Launch cmd line: /bin/bash -ue .command.run
May-08 07:04:30.151 [Task submitter] INFO  nextflow.Session - [10/3a70e2] Submitted process > MY_PIPELINE:FASTQC_RAW (1)
May-08 07:04:30.223 [TaskFinalizer-1] DEBUG nextflow.util.ThreadPoolBuilder - Creating thread pool 'PublishDir' minSize=10; maxSize=12; workQueue=LinkedBlockingQueue[-1]; allowCoreThreadTimeout=false
May-08 07:04:37.016 [Task monitor] DEBUG n.processor.TaskPollingMonitor - Task completed > TaskHandler[id: 1; name: MY_PIPELINE:FASTQC_RAW (1); status: COMPLETED; exit: 0; error: -; workDir: /mnt/c/Users/91968/Downloads/NextflowPipeline/work/10/3a70e2d0a2b98a0065dfc9ae385683]
May-08 07:04:37.048 [Task submitter] DEBUG n.executor.local.LocalTaskHandler - Launch cmd line: /bin/bash -ue .command.run
May-08 07:04:37.049 [Task submitter] INFO  nextflow.Session - [b9/82940b] Submitted process > MY_PIPELINE:FASTQC_TRIMMED (trimmed_qc)
May-08 07:04:41.754 [Task monitor] DEBUG n.processor.TaskPollingMonitor - Task completed > TaskHandler[id: 4; name: MY_PIPELINE:FASTQC_TRIMMED (trimmed_qc); status: COMPLETED; exit: 0; error: -; workDir: /mnt/c/Users/91968/Downloads/NextflowPipeline/work/b9/82940bfedeb0adb795be4014f57324]
May-08 07:04:41.793 [Task submitter] DEBUG n.executor.local.LocalTaskHandler - Launch cmd line: /bin/bash -ue .command.run
May-08 07:04:41.796 [Task submitter] INFO  nextflow.Session - [d5/fab4f4] Submitted process > MY_PIPELINE:ALIGN_READS (alignment)
May-08 07:05:40.859 [Task monitor] DEBUG n.processor.TaskPollingMonitor - Task completed > TaskHandler[id: 3; name: MY_PIPELINE:ALIGN_READS (alignment); status: COMPLETED; exit: 0; error: -; workDir: /mnt/c/Users/91968/Downloads/NextflowPipeline/work/d5/fab4f4059357d2a6b82f7c73ccb289]
May-08 07:05:40.935 [Task submitter] DEBUG n.executor.local.LocalTaskHandler - Launch cmd line: /bin/bash -ue .command.run
May-08 07:05:40.936 [Task submitter] INFO  nextflow.Session - [cb/3610e3] Submitted process > MY_PIPELINE:SAM_TO_BAM (sam_to_bam)
May-08 07:05:43.184 [Task monitor] DEBUG n.processor.TaskPollingMonitor - Task completed > TaskHandler[id: 5; name: MY_PIPELINE:SAM_TO_BAM (sam_to_bam); status: COMPLETED; exit: 0; error: -; workDir: /mnt/c/Users/91968/Downloads/NextflowPipeline/work/cb/3610e3435409bef493b2215c219edb]
May-08 07:05:43.256 [Task submitter] DEBUG n.executor.local.LocalTaskHandler - Launch cmd line: /bin/bash -ue .command.run
May-08 07:05:43.258 [Task submitter] INFO  nextflow.Session - [59/6bce42] Submitted process > MY_PIPELINE:SORT_INDEX_BAM (sort_index)
May-08 07:05:44.014 [Task monitor] DEBUG n.processor.TaskPollingMonitor - Task completed > TaskHandler[id: 6; name: MY_PIPELINE:SORT_INDEX_BAM (sort_index); status: COMPLETED; exit: 0; error: -; workDir: /mnt/c/Users/91968/Downloads/NextflowPipeline/work/59/6bce424d8aeb2609f9dd0ada2576c8]
May-08 07:05:44.115 [Task submitter] DEBUG n.executor.local.LocalTaskHandler - Launch cmd line: /bin/bash -ue .command.run
May-08 07:05:44.116 [Task submitter] INFO  nextflow.Session - [27/be3d03] Submitted process > MY_PIPELINE:VARIANT_CALLING (variant_calling)
May-08 07:05:46.246 [Task monitor] DEBUG n.processor.TaskPollingMonitor - Task completed > TaskHandler[id: 7; name: MY_PIPELINE:VARIANT_CALLING (variant_calling); status: COMPLETED; exit: 0; error: -; workDir: /mnt/c/Users/91968/Downloads/NextflowPipeline/work/27/be3d0312be7377040f86aaa6a1d737]
May-08 07:05:46.259 [main] DEBUG nextflow.Session - Session await > all processes finished
May-08 07:05:46.347 [Task monitor] DEBUG n.processor.TaskPollingMonitor - <<< barrier arrives (monitor: local) - terminating tasks monitor poll loop
May-08 07:05:46.348 [main] DEBUG nextflow.Session - Session await > all barriers passed
May-08 07:05:46.368 [main] DEBUG nextflow.util.ThreadPoolManager - Thread pool 'TaskFinalizer' shutdown completed (hard=false)
May-08 07:05:46.372 [main] DEBUG nextflow.util.ThreadPoolManager - Thread pool 'PublishDir' shutdown completed (hard=false)
May-08 07:05:46.381 [main] DEBUG n.trace.WorkflowStatsObserver - Workflow completed > WorkflowStats[succeededCount=7; failedCount=0; ignoredCount=0; cachedCount=0; pendingCount=0; submittedCount=0; runningCount=0; retriesCount=0; abortedCount=0; succeedDuration=2m 39s; failedDuration=0ms; cachedDuration=0ms;loadCpus=0; loadMemory=0; peakRunning=2; peakCpus=4; peakMemory=4 GB; ]
May-08 07:05:46.568 [main] DEBUG nextflow.cache.CacheDB - Closing CacheDB done
May-08 07:05:46.599 [main] DEBUG nextflow.util.ThreadPoolManager - Thread pool 'FileTransfer' shutdown completed (hard=false)
May-08 07:05:46.607 [main] DEBUG nextflow.script.ScriptRunner - > Execution complete -- Goodbye
